---
description: åƒç…§è¬›ç¾©p.135~p.148
---

# å­æŸ¥è©¢\(å·¢ç‹€\)

## èªè­˜å­æŸ¥è©¢

åŸ·è¡Œé †åºï¼šå…ˆåŸ·è¡Œå­æŸ¥è©¢\(sub-Query\)å†åŸ·è¡Œä¸»æŸ¥è©¢\(Main-query\)ã€‚

![](../../.gitbook/assets/image%20%2818%29.png)

### å­æŸ¥è©¢çš„ç¨®é¡

1. è‡ªä¸»å­æŸ¥è©¢ï¼ˆåƒç…§è¬›ç¾©p.138ï¼‰
2. ç›¸é—œå­æŸ¥è©¢ï¼ˆåƒç…§è¬›ç¾©p.144ï¼‰

### å­æŸ¥è©¢çš„å‹å¼

1. ç´”é‡ï¼ˆå–®æ¬„å–®ç­†ï¼‰\(ä½¿ç”¨é »ç‡80%\)
2. å¤šå€¼ï¼ˆå–®æ¬„å¤šç­†ï¼‰\(ä½¿ç”¨é »ç‡20%\)
3. å¤šæ¬„ä½ï¼ˆå¤šæ¬„å–®ç­†ï¼‰
4. è¡¨æ ¼å€¼ï¼ˆå¤šæ¬„å¤šç­†ï¼‰

### å­æŸ¥è©¢å‡ºç¾çš„ä½ç½®

* WHERE å­å¥
* FROMå­å¥
* HAVINGå­å¥

## å­æŸ¥è©¢ï¼è‡ªä¸»å­æŸ¥è©¢

{% tabs %}
{% tab title="å–®ç­†" %}
```aspnet
/*8-8é WHERE å­å¥
 *å’ŒJAEMSåŒéƒ¨é–€çš„å“¡å·¥*/
SELECT empno,ename,deptno
    -> FROM emp
    -> WHERE deptno = (SELECT deptno -- 30
    ->                  FROM emp
    ->                  WHERE ename = 'james');
+-------+--------+--------+
| empno | ename  | deptno |
+-------+--------+--------+
|  7499 | ALLEN  |     30 |
|  7521 | WARD   |     30 |
|  7654 | MARTIN |     30 |
|  7698 | BLAKE  |     30 |
|  7844 | TURNER |     30 |
|  7900 | JAMES  |     30 |
+-------+--------+--------+
6 rows in set (0.00 sec)

-- 8-9åˆ—å‡ºè–ªæ°´æ¯”å“¡å·¥7566é«˜çš„æ‰€æœ‰å“¡å·¥
mysql> use demo;
Database changed
mysql> SELECT empno, ename, sal
    -> FROM emp
    -> WHERE sal > (SELECT sal
    ->             FROM emp
    ->             WHERE empno = 7566);
+-------+-------+---------+
| empno | ename | sal     |
+-------+-------+---------+
|  7788 | SCOTT | 3000.00 |
|  7839 | KING  | 5000.00 |
|  7902 | FORD  | 3000.00 |
+-------+-------+---------+
3 rows in set (0.00 sec)
-- 8-9ğŸ”·ç´°é …æŸ¥è©¢
mysql> SELECT sal
    -> FROM emp
    -> WHERE empno=7566;
+---------+
| sal     |
+---------+
| 2975.00 |
+---------+
1 row in set (0.00 sec)
-- 8-9ğŸ”·ç´°é …æŸ¥è©¢2
mysql> SELECT empno, ename, sal
    -> FROM emp
    -> WHERE sal>2975;
+-------+-------+---------+
| empno | ename | sal     |
+-------+-------+---------+
|  7788 | SCOTT | 3000.00 |
|  7839 | KING  | 5000.00 |
|  7902 | FORD  | 3000.00 |
+-------+-------+---------+
3 rows in set (0.00 sec)
```
{% endtab %}

{% tab title="å–®ç­†2" %}
```
-- 8-11 è–ªæ°´>å…¬å¸å¹³å‡è–ªè³‡çš„å“¡å·¥
-- å¹³å‡è–ªè³‡AVG(sal)---2073.2143
mysql> SELECT empno, ename, sal
    -> FROM  emp
    -> WHERE sal > (SELECT AVG(sal)
    ->             FROM emp);
+-------+-------+---------+
| empno | ename | sal     |
+-------+-------+---------+
|  7566 | JONES | 2975.00 |
|  7698 | BLAKE | 2850.00 |
|  7782 | CLARK | 2450.00 |
|  7788 | SCOTT | 3000.00 |
|  7839 | KING  | 5000.00 |
|  7902 | FORD  | 3000.00 |
+-------+-------+---------+
6 rows in set (0.00 sec)
```
{% endtab %}

{% tab title="HAVING" %}
```
-- 8-12 æ‡‰ç”¨åœ¨HAVING
-- æœ€ä½è–ªè³‡ > éƒ¨é–€20çš„æœ€ä½è–ªè³‡(800) çš„éƒ¨é–€
mysql> SELECT deptno, MIN(sal)
    -> FROM emp
    -> GROUP BY deptno
    -> HAVING MIN(sal) > (SELECT MIN(sal)
    ->                     FROM emp
    ->                     WHERE deptno = 20);
+--------+----------+
| deptno | MIN(sal) |
+--------+----------+
|     10 |  1300.00 |
|     30 |   950.00 |
+--------+----------+
2 rows in set (0.00 sec)
```
{% endtab %}

{% tab title="å¤šå€‹å­æŸ¥è©¢" %}
```
-- 8-10 å¤šå€‹å­æŸ¥è©¢
-- è·ç¨±salesman(7499)ã€è–ªæ°´>1300(7934)
mysql> SELECT empno,ename, sal, job
    -> FROM emp
    -> WHERE job = (SELECT job
    ->             FROM emp
    ->             WHERE empno = 7499)
    -> AND sal > (SELECT sal
    ->             FROM emp
    ->             WHERE empno = 7934);
+-------+--------+---------+----------+
| empno | ename  | sal     | job      |
+-------+--------+---------+----------+
|  7499 | ALLEN  | 1600.00 | SALESMAN |
|  7844 | TURNER | 1500.00 | SALESMAN |
+-------+--------+---------+----------+
2 rows in set (0.00 sec)
```
{% endtab %}

{% tab title="IN" %}
```
-- 8-14å…¬å¸æ‰€æœ‰ä¸»ç®¡
/*é‹ç®—å­ã€Œ=ã€å¾Œåªèƒ½æœ‰ä¸€å€‹çµæœ
 *ã€ŒINã€å¾Œçš„çµæœå¯ä»¥æœ‰å¤šå€‹*/
  mysql> SELECT empno, ename
    -> FROM emp
    -> WHERE empno IN (SELECT mgr
    ->                 FROM emp);
+-------+-------+
| empno | ename |
+-------+-------+
|  7566 | JONES |
|  7698 | BLAKE |
|  7782 | CLARK |
|  7788 | SCOTT |
|  7839 | KING  |
|  7902 | FORD  |
+-------+-------+
6 rows in set (0.00 sec)
```
{% endtab %}

{% tab title="NULL" %}
```
-- 8-15 å…¬å¸æ‰€æœ‰è·å“¡
-- çµæœæ˜¯NULL ï¼Œå› ç‚ºè£¡é¢æœ‰æ ¼å­å«ç©ºå€¼(nullæ¯”è¼ƒé‚„æ˜¯null)
mysql> SELECT empno, ename
    -> FROM emp
    -> WHERE empno NOT IN (SELECT mgr
    ->                     FROM emp);
Empty set (0.00 sec)


-- 8-16=>8-15çš„è§£æ±ºæ–¹æ¡ˆï¼šæ’é™¤æŸ¥è©¢ç©ºå€¼è³‡æ–™
SELECT empno, ename
FROM emp
WHERE empno NOT IN (SELECT mgr
			                FROM emp 
            			    WHERE mgr IS NOT NULL);
+-------+--------+
| empno | ename  |
+-------+--------+
|  7369 | SMITH  |
|  7499 | ALLEN  |
|  7521 | WARD   |
|  7654 | MARTIN |
|  7844 | TURNER |
|  7876 | ADAMS  |
|  7900 | JAMES  |
|  7934 | MILLER |
+-------+--------+
8 rows in set (0.00 sec)            
```
{% endtab %}
{% endtabs %}

### éŒ¯èª¤çš„ç¯„ä¾‹

{% tabs %}
{% tab title="1" %}
```text
-- 8-13 å¤šç­†ç´€éŒ„çš„error
-- å…¶ä¸€ï¼šå­æŸ¥è©¢GROUP BYå«å¤šç­†çµæœï¼Œä¸»æŸ¥è©¢WHEREå¾Œã€Œ=ã€æ‡‰åªå«ä¸€ç­†çµæœã€‚
mysql> SELECT empno, ename ,sal
    -> FROM emp
    -> WHERE sal = (SELECT MIn(sal)
    ->             FROM emp
    ->             GROUP BY deptno);
ERROR 1242 (21000): Subquery returns more than 1 row
```
{% endtab %}

{% tab title="2" %}
```
-- 8-13 å¤šç­†ç´€éŒ„çš„error
-- å…¶äºŒï¼šæ²’æœ‰8000è™Ÿå“¡å·¥ï¼Œnullæ¯”è¼ƒçµæœé‚„æ˜¯nullã€‚
mysql> SELECT empno, ename, sal
    -> FROM emp
    -> WHERE sal > (SELECT sal
    ->             FROM emp
    ->             WHERE empno = 8000);
Empty set (0.00 sec)
```
{% endtab %}
{% endtabs %}

### å¤šç­†è¨˜éŒ„å­æŸ¥è©¢

![10~50&#x6578;&#x503C;&#x53EA;&#x662F;&#x8209;&#x4F8B;](../../.gitbook/assets/image%20%287%29.png)

* &lt;ALLï¼šå°æ–¼å­æŸ¥è©¢æœ€å°å€¼
* &gt;ALLï¼šå¤§æ–¼å­æŸ¥è©¢æœ€å¤§å€¼
* &lt;ANYï¼šå°æ–¼å­æŸ¥è©¢æœ€å¤§å€¼
* &gt;ANYï¼šå¤§æ–¼å­æŸ¥è©¢æœ€å°å€¼

{% tabs %}
{% tab title="ANY" %}
```text
-- 8-17ä½¿ç”¨ANY
-- è–ªæ°´<  è·ç¨±ã€Œclerkã€(æœ€é«˜è–ªè³‡1300)  çš„å“¡å·¥
SELECT empno, ename, job
FROM emp
WHERE sal < ANY (SELECT sal
						ã€€ã€€ã€€FROM emp
						ã€€ã€€ã€€WHERE job = 'CLERK');
+-------+--------+----------+
| empno | ename  | job      |
+-------+--------+----------+
|  7369 | SMITH  | CLERK    |
|  7521 | WARD   | SALESMAN |
|  7654 | MARTIN | SALESMAN |
|  7876 | ADAMS  | CLERK    |
|  7900 | JAMES  | CLERK    |
+-------+--------+----------+
5 rows in set (0.00 sec)


-- ğŸ”·ç´°é …æŸ¥è©¢
SELECT sal
FROM emp
WHERE job = 'CLERK';
+---------+
| sal     |
+---------+
|  800.00 |
| 1100.00 |
|  950.00 |
| 1300.00 |
+---------+
4 rows in set (0.00 sec)
```
{% endtab %}

{% tab title="ALL" %}
```text
-- 8-18 è–ªæ°´ > salesman(æœ€é«˜è–ªè³‡1600)çš„å“¡å·¥
SELECT empno, ename, job, sal
FROM emp
WHERE sal > ALL (SELECT sal
			FROM emp
			WHERE job = 'salesman');
+-------+-------+-----------+---------+
| empno | ename | job       | sal     |
+-------+-------+-----------+---------+
|  7566 | JONES | MANAGER   | 2975.00 |
|  7698 | BLAKE | MANAGER   | 2850.00 |
|  7782 | CLARK | MANAGER   | 2450.00 |
|  7788 | SCOTT | ANALYST   | 3000.00 |
|  7839 | KING  | PRESIDENT | 5000.00 |
|  7902 | FORD  | ANALYST   | 3000.00 |
+-------+-------+-----------+---------+
6 rows in set (0.00 sec)
			

-- ğŸ”·ç´°é …æŸ¥è©¢
SELECT sal
FROM emp
WHERE job = 'salesman' ;
+---------+
| sal     |
+---------+
| 1600.00 |
| 1250.00 |
| 1250.00 |
| 1500.00 |
+---------+
4 rows in set (0.00 sec)
```
{% endtab %}
{% endtabs %}

## å­æŸ¥è©¢ï¼ç›¸é—œå­æŸ¥è©¢

ä¾è³´å¤–éƒ¨æŸ¥è©¢ã€‚å­æŸ¥è©¢ç”¨åˆ°ä¸»æŸ¥è©¢çš„æ¬„ä½\(ç›¸é—œ\)

{% tabs %}
{% tab title="åŒè¡¨" %}
```text
-- 8-21 æ¯å€‹å®¢æˆ¶ã€Œæœ€è¿‘ã€è·Ÿå…¬å¸ä¸‹è¨‚å–®çš„æ—¥æœŸ
-- æ²’æœ‰ã€ŒWHEREã€çµæœå°±æœƒåªæœ‰ä¸€ç­†
-- å­æŸ¥è©¢çš„WHEREæ„æ€æ˜¯ä¸€å€‹å®¢æˆ¶ä¸€å€‹å®¢æˆ¶æ‰¾
mysql> SELECT ordid, custid, orderdate
    -> FROM ord AS o1
    -> WHERE orderdate = (SELECT MAX(orderdate)
    ->                     FROM ord AS o2
    ->                     WHERE o2.custid = o1.custid)
    -> ORDER BY custid, orderdate;
+-------+--------+---------------------+
| ordid | custid | orderdate           |
+-------+--------+---------------------+
|   613 |    100 | 1987-03-12 00:00:00 |
|   601 |    101 | 1987-01-07 00:00:00 |
|   620 |    102 | 1987-02-15 00:00:00 |
|   616 |    103 | 1987-02-03 00:00:00 |
|   617 |    104 | 1987-02-02 00:00:00 |
|   618 |    105 | 1987-02-05 00:00:00 |
|   607 |    106 | 1986-07-14 00:00:00 |
|   619 |    107 | 1987-02-01 00:00:00 |
|   614 |    108 | 1987-02-01 00:00:00 |
+-------+--------+---------------------+
9 rows in set (0.00 sec)
```
{% endtab %}

{% tab title="åŒè¡¨2" %}
```
-- 8-22 æŸ¥è©¢å„éƒ¨é–€è–ªè³‡æœ€é«˜çš„å“¡å·¥è³‡æ–™
mysql> SELECT ename, sal, deptno
    -> FROM emp oe
    -> WHERE sal = (SELECT MAX(sal)
    ->             FROM emp ie
    ->             WHERE ie.deptno = oe.deptno)
    -> ORDER BY deptno;
+-------+---------+--------+
| ename | sal     | deptno |
+-------+---------+--------+
| KING  | 5000.00 |     10 |
| SCOTT | 3000.00 |     20 |
| FORD  | 3000.00 |     20 |
| BLAKE | 2850.00 |     30 |
+-------+---------+--------+
4 rows in set (0.00 sec)
```
{% endtab %}
{% endtabs %}

## EXISTSï¼å­˜åœ¨æ€§æ¸¬è©¦

* EXISTS å­˜åœ¨æ€§æ¸¬è©¦ï¼Œçµæœåªæœ‰true \| false
* èªæ³•WHERE \[NOT\] EXISTS \(subquery\)
* ä¸éœ€è¦ä»»ä½•æ¬„ä½æˆ–é‹ç®—å¼
* ä¸€èˆ¬å­æŸ¥è©¢SELECTéƒ½ç”¨æ˜Ÿè™Ÿã€Œ\*ã€

{% tabs %}
{% tab title="å­˜åœ¨" %}
```text
-- 8-25 ä¸‹éè¨‚å–®çš„å®¢æˆ¶è³‡æ–™
mysql> SELECT custid, name
    -> FROM customer AS c
    -> WHERE EXISTS (SELECT *
    ->             FROM ord AS o
    ->             WHERE c.custid = o.custid);
+--------+----------------------------------------------+
| custid | name                                         |
+--------+----------------------------------------------+
|    100 | JOCKSPORTS                                   |
|    101 | TKB SPORT SHOP                               |
|    102 | VOLLYRITE                                    |
|    103 | JUST TENNIS                                  |
|    104 | EVERY MOUNTAIN                               |
|    105 | K + T SPORTS                                 |
|    106 | SHAPE UP                                     |
|    107 | WOMENS SPORTS                                |
|    108 | NORTH WOODS HEALTH AND FITNESS SUPPLY CENTER |
+--------+----------------------------------------------+
9 rows in set (0.00 sec)
```
{% endtab %}

{% tab title="ä¸å­˜åœ¨" %}
```
-- 8-26 ç‚ºä¸‹éå®šå–®çš„å®¢æˆ¶è³‡æ–™(çµæœæ˜¯æ²’æœ‰w)
mysql> SELECT custid, name
    -> FROM customer AS c
    -> WHERE NOT EXISTS (SELECT *
    ->                     FROM ord AS o
    ->                     WHERE c.custid = o.custid);
Empty set (0.00 sec)
```
{% endtab %}
{% endtabs %}

## ä½œæ¥­ç·´ç¿’

åƒç…§è¬›ç¾©P.148

9~11è¼ƒé›£ã€‚

1. é¡¯ç¤ºå’ŒBlakeåŒéƒ¨é–€çš„æ‰€æœ‰å“¡å·¥ä¹‹å§“åå’Œé€²å…¬å¸æ—¥æœŸ
2. é¡¯ç¤ºæ‰€æœ‰åœ¨Blakeä¹‹å¾Œé€²å…¬å¸çš„å“¡å·¥ä¹‹å§“ååŠé€²å…¬å¸æ—¥æœŸã€‚
3. é¡¯ç¤ºè–ªè³‡æ¯”å…¬å¸å¹³å‡è–ªè³‡é«˜çš„æ‰€æœ‰å“¡å·¥ä¹‹å“¡å·¥ç·¨è™Ÿï¼Œå§“åå’Œè–ªè³‡ï¼Œä¸¦ä¾è–ªè³‡ç”±é«˜åˆ°ä½æ’åˆ—ã€‚
4. é¡¯ç¤ºå’Œå§“åä¸­åŒ…å«Tçš„äººåœ¨ç›¸åŒéƒ¨é–€å·¥ä½œçš„æ‰€æœ‰å“¡å·¥ä¹‹å“¡å·¥ç·¨è™Ÿå’Œå§“åã€‚
5. é¡¯ç¤ºåœ¨Dallaså·¥ä½œçš„æ‰€æœ‰å“¡å·¥ä¹‹å§“åï¼Œéƒ¨é–€ç·¨è™Ÿå’Œè·ç¨±ã€‚
6. é¡¯ç¤ºç›´å±¬æ–¼"KING"çš„å“¡å·¥ä¹‹å§“åå’Œè–ªè³‡ã€‚
7. é¡¯ç¤ºéŠ·å”®éƒ¨é–€"SALES"æ‰€æœ‰å“¡å·¥ä¹‹éƒ¨é–€ç·¨è™Ÿï¼Œå§“åå’Œè·ç¨±
8. é¡¯ç¤ºè–ªè³‡æ¯”å…¬å¸å¹³å‡è–ªè³‡é‚„è¦é«˜ä¸”å’Œå§“åä¸­æœ‰Tçš„äººåœ¨ç›¸åŒéƒ¨é–€ä¸Šç­çš„æ‰€æœ‰å“¡å·¥ä¹‹å“¡å·¥ç·¨è™Ÿï¼Œå§“åå’Œè–ªè³‡ã€‚
9. é¡¯ç¤ºå’Œè³ºå–ä½£é‡‘çš„å“¡å·¥ä¹‹éƒ¨é–€ç·¨è™Ÿå’Œè–ªè³‡éƒ½ç›¸åŒçš„å“¡å·¥ä¹‹å§“åï¼Œéƒ¨é–€ç·¨è™Ÿå’Œè–ªè³‡ã€‚
10. é¡¯ç¤ºå’Œåœ¨DALLASå·¥ä½œçš„å“¡å·¥ä¹‹è–ªè³‡å’Œä½£é‡‘ç›¸åŒçš„å“¡å·¥ä¹‹å§“åï¼Œéƒ¨é–€ç·¨è™Ÿå’Œè–ªè³‡ã€‚
11. é¡¯ç¤ºè–ªè³‡å’Œä½£é‡‘éƒ½å’ŒSCOTTç›¸åŒçš„æ‰€æœ‰å“¡å·¥ä¹‹å§“åï¼Œé€²å…¬å¸æ—¥æœŸå’Œè–ªè³‡ã€‚\(ä¸è¦åœ¨çµæœä¸­é¡¯ç¤ºSCOTTçš„è³‡æ–™\)
12. é¡¯ç¤ºè–ªè³‡æ¯”æ‰€æœ‰è·ç¨±æ˜¯"CLERK"é‚„é«˜çš„å“¡å·¥ä¹‹å§“åï¼Œé€²å…¬å¸æ—¥æœŸå’Œè–ªè³‡ï¼Œä¸¦å°‡çµæœä¾è–ªè³‡ç”±é«˜å¿—ä½é¡¯ç¤ºã€‚

{% tabs %}
{% tab title="1" %}
```text
-- é¡¯ç¤ºå’ŒBlakeåŒéƒ¨é–€çš„æ‰€æœ‰å“¡å·¥ä¹‹å§“åå’Œé€²å…¬å¸æ—¥æœŸ
SELECT ename, hiredate 
	FROM emp 
  WHERE deptno = (SELECT deptno 
	                FROM emp 
                  WHERE ename='Blake');
+--------+---------------------+
| ename  | hiredate            |
+--------+---------------------+
| ALLEN  | 1981-02-20 00:00:00 |
| WARD   | 1981-02-22 00:00:00 |
| MARTIN | 1981-09-28 00:00:00 |
| BLAKE  | 1981-05-01 00:00:00 |
| TURNER | 1981-09-08 00:00:00 |
| JAMES  | 1981-12-03 00:00:00 |
+--------+---------------------+
6 rows in set (0.00 sec)
```
{% endtab %}

{% tab title="2" %}
```
-- é¡¯ç¤ºæ‰€æœ‰åœ¨Blakeä¹‹å¾Œé€²å…¬å¸çš„å“¡å·¥ä¹‹å§“ååŠé€²å…¬å¸æ—¥æœŸã€‚
SELECT ename, hiredate 
	FROM emp 
  WHERE hiredate > (SELECT hiredate 
						        FROM emp 
                    WHERE ename='Blake');
+--------+---------------------+
| ename  | hiredate            |
+--------+---------------------+
| MARTIN | 1981-09-28 00:00:00 |
| CLARK  | 1981-06-09 00:00:00 |
| SCOTT  | 1982-12-09 00:00:00 |
| KING   | 1981-11-17 00:00:00 |
| TURNER | 1981-09-08 00:00:00 |
| ADAMS  | 1983-01-12 00:00:00 |
| JAMES  | 1981-12-03 00:00:00 |
| FORD   | 1981-12-03 00:00:00 |
| MILLER | 1982-01-23 00:00:00 |
+--------+---------------------+
9 rows in set (0.00 sec)
```
{% endtab %}

{% tab title="3" %}
```
/*é¡¯ç¤ºè–ªè³‡æ¯”å…¬å¸å¹³å‡è–ªè³‡é«˜çš„æ‰€æœ‰å“¡å·¥ä¹‹å“¡å·¥ç·¨è™Ÿï¼Œ
å§“åå’Œè–ªè³‡ï¼Œä¸¦ä¾è–ªè³‡ç”±é«˜åˆ°ä½æ’åˆ—ã€‚*/
SELECT empno, ename, sal 
	FROM emp WHERE sal > (SELECT AVG(sal) 
													FROM emp) 
	ORDER BY sal DESC;
+-------+-------+---------+
| empno | ename | sal     |
+-------+-------+---------+
|  7839 | KING  | 5000.00 |
|  7788 | SCOTT | 3000.00 |
|  7902 | FORD  | 3000.00 |
|  7566 | JONES | 2975.00 |
|  7698 | BLAKE | 2850.00 |
|  7782 | CLARK | 2450.00 |
+-------+-------+---------+
6 rows in set (0.00 sec)
```
{% endtab %}

{% tab title="4" %}
```
-- é¡¯ç¤ºå’Œå§“åä¸­åŒ…å«Tçš„äººåœ¨ç›¸åŒéƒ¨é–€å·¥ä½œçš„æ‰€æœ‰å“¡å·¥ä¹‹å“¡å·¥ç·¨è™Ÿå’Œå§“åã€‚
SELECT deptno, ename 
		FROM emp 
    WHERE deptno IN (SELECT DISTINCT deptno 
							      FROM emp 
                    WHERE ename LIKE '%T%');
+--------+--------+
| deptno | ename  |
+--------+--------+
|     20 | SMITH  |
|     20 | JONES  |
|     20 | SCOTT  |
|     20 | ADAMS  |
|     20 | FORD   |
|     30 | ALLEN  |
|     30 | WARD   |
|     30 | MARTIN |
|     30 | BLAKE  |
|     30 | TURNER |
|     30 | JAMES  |
+--------+--------+
11 rows in set (0.00 sec)
```
{% endtab %}

{% tab title="5" %}
```
-- é¡¯ç¤ºå’Œå§“åä¸­åŒ…å«Tçš„äººåœ¨ç›¸åŒéƒ¨é–€å·¥ä½œçš„æ‰€æœ‰å“¡å·¥ä¹‹å“¡å·¥ç·¨è™Ÿå’Œå§“åã€‚
SELECT ename, deptno, job 
	FROM emp 
  WHERE deptno IN (SELECT deptno 
						       FROM dept 
                   WHERE LOC = 'Dallas');
+-------+--------+---------+
| ename | deptno | job     |
+-------+--------+---------+
| SMITH |     20 | CLERK   |
| JONES |     20 | MANAGER |
| SCOTT |     20 | ANALYST |
| ADAMS |     20 | CLERK   |
| FORD  |     20 | ANALYST |
+-------+--------+---------+
5 rows in set (0.00 sec)
```
{% endtab %}

{% tab title="6" %}
```
-- é¡¯ç¤ºç›´å±¬æ–¼"KING"çš„å“¡å·¥ä¹‹å§“åå’Œè–ªè³‡ã€‚
SELECT ename, sal 
	FROM emp 
  WHERE mgr = (SELECT empno 
					     FROM emp 
               WHERE ename='King');
+-------+---------+
| ename | sal     |
+-------+---------+
| JONES | 2975.00 |
| BLAKE | 2850.00 |
| CLARK | 2450.00 |
+-------+---------+
3 rows in set (0.00 sec)
```
{% endtab %}

{% tab title="7" %}
```
-- é¡¯ç¤ºéŠ·å”®éƒ¨é–€"SALES"æ‰€æœ‰å“¡å·¥ä¹‹éƒ¨é–€ç·¨è™Ÿï¼Œå§“åå’Œè·ç¨±
SELECT deptno, ename, job 
		FROM emp 
    WHERE deptno = (SELECT deptno 
								    FROM dept 
                    WHERE dname='Sales');
+--------+--------+----------+
| deptno | ename  | job      |
+--------+--------+----------+
|     30 | ALLEN  | SALESMAN |
|     30 | WARD   | SALESMAN |
|     30 | MARTIN | SALESMAN |
|     30 | BLAKE  | MANAGER  |
|     30 | TURNER | SALESMAN |
|     30 | JAMES  | CLERK    |
+--------+--------+----------+
6 rows in set (0.00 sec)
```
{% endtab %}

{% tab title="8" %}
```
/*é¡¯ç¤ºè–ªè³‡æ¯”å…¬å¸å¹³å‡è–ªè³‡é‚„è¦é«˜ä¸”å’Œå§“åä¸­æœ‰Tçš„äººåœ¨ç›¸åŒéƒ¨é–€ä¸Šç­çš„
æ‰€æœ‰å“¡å·¥ä¹‹å“¡å·¥ç·¨è™Ÿï¼Œå§“åå’Œè–ªè³‡ã€‚*/
SELECT empno, ename, sal 
	FROM emp 
  WHERE deptno IN (SELECT DISTINCT deptno 
							   FROM emp 
                 WHERE ename LIKE '%T%' AND sal>(SELECT AVG(sal)
                                                   FROM emp));  
+-------+-------+---------+
| empno | ename | sal     |
+-------+-------+---------+
|  7369 | SMITH |  800.00 |
|  7566 | JONES | 2975.00 |
|  7788 | SCOTT | 3000.00 |
|  7876 | ADAMS | 1100.00 |
|  7902 | FORD  | 3000.00 |
+-------+-------+---------+
5 rows in set (0.00 sec)
```
{% endtab %}

{% tab title="9" %}
```
/*é¡¯ç¤ºå’Œè³ºå–ä½£é‡‘çš„å“¡å·¥ä¹‹éƒ¨é–€ç·¨è™Ÿå’Œè–ªè³‡éƒ½ç›¸åŒçš„å“¡å·¥ä¹‹å§“åï¼Œéƒ¨é–€ç·¨è™Ÿå’Œè–ªè³‡ã€‚*/
SELECT e1.ename, e1.deptno, e1.sal 
	FROM emp e1 JOIN (SELECT * FROM emp 
                     WHERE comm>0) e2 
						ON (e1.empno <> e2.empno 
								AND e1.deptno=e2.deptno 
								AND e1.sal = e2.sal);
+--------+--------+---------+
| ename  | deptno | sal     |
+--------+--------+---------+
| MARTIN |     30 | 1250.00 |
| WARD   |     30 | 1250.00 |
+--------+--------+---------+
2 rows in set (0.00 sec)
```
{% endtab %}

{% tab title="10" %}
```
/*é¡¯ç¤ºå’Œåœ¨DALLASå·¥ä½œçš„å“¡å·¥ä¹‹è–ªè³‡å’Œä½£é‡‘ç›¸åŒçš„å“¡å·¥ä¹‹å§“åï¼Œéƒ¨é–€ç·¨è™Ÿå’Œè–ªè³‡ã€‚*/
SELECT e1.ename, e1.deptno, e1.sal 
	FROM emp e1 JOIN (SELECT * FROM emp 
                    WHERE deptno= (SELECT deptno
                   								FROM dept 
																	WHERE loc='Dallas')) e2 
						ON (e1.empno <> e2.empno 
								AND e1.sal = e2.sal 
								AND (e1.comm = e2.comm 
									OR (e1.comm IS NULL AND e2.comm is NULL)));
+-------+--------+---------+
| ename | deptno | sal     |
+-------+--------+---------+
| SCOTT |     20 | 3000.00 |
| FORD  |     20 | 3000.00 |
+-------+--------+---------+
2 rows in set (0.00 sec)
```
{% endtab %}

{% tab title="11" %}
```
/*é¡¯ç¤ºè–ªè³‡å’Œä½£é‡‘éƒ½å’ŒSCOTTç›¸åŒçš„æ‰€æœ‰å“¡å·¥ä¹‹å§“åï¼Œ
é€²å…¬å¸æ—¥æœŸå’Œè–ªè³‡ã€‚(ä¸è¦åœ¨çµæœä¸­é¡¯ç¤ºSCOTTçš„è³‡æ–™)*/
SELECT e1.ename, e1.deptno, e1.sal 
	FROM emp e1 JOIN (SELECT * FROM emp 
										WHERE empno = (SELECT empno 
																	FROM emp 
																	WHERE ename='SCOTT')) e2 
						ON (e1.empno <> e2.empno 
						AND e1.sal = e2.sal 
						AND (e1.comm = e2.comm 
								OR (e1.comm IS NULL AND e2.comm is NULL)));
+-------+--------+---------+
| ename | deptno | sal     |
+-------+--------+---------+
| FORD  |     20 | 3000.00 |
+-------+--------+---------+
1 row in set (0.00 sec)
```
{% endtab %}

{% tab title="12" %}
```
/*é¡¯ç¤ºè–ªè³‡æ¯”æ‰€æœ‰è·ç¨±æ˜¯"CLERK"é‚„é«˜çš„å“¡å·¥ä¹‹å§“åï¼Œ
é€²å…¬å¸æ—¥æœŸå’Œè–ªè³‡ï¼Œä¸¦å°‡çµæœä¾è–ªè³‡ç”±é«˜å¿—ä½é¡¯ç¤ºã€‚*/
SELECT ename, hiredate, sal 
	FROM emp 
   WHERE sal > ALL (SELECT sal 
							      FROM emp
                    WHERE job = 'CLerk');
+--------+---------------------+---------+
| ename  | hiredate            | sal     |
+--------+---------------------+---------+
| ALLEN  | 1981-02-20 00:00:00 | 1600.00 |
| JONES  | 1981-04-02 00:00:00 | 2975.00 |
| BLAKE  | 1981-05-01 00:00:00 | 2850.00 |
| CLARK  | 1981-06-09 00:00:00 | 2450.00 |
| SCOTT  | 1982-12-09 00:00:00 | 3000.00 |
| KING   | 1981-11-17 00:00:00 | 5000.00 |
| TURNER | 1981-09-08 00:00:00 | 1500.00 |
| FORD   | 1981-12-03 00:00:00 | 3000.00 |
+--------+---------------------+---------+
8 rows in set (0.00 sec)
```
{% endtab %}
{% endtabs %}

